<module type="JAVA_MODULE" version="4">
  <component name="FacetManager">
    <facet type="scala" name="Scala">
      <configuration>
        <option value="Project" name="compilerLibraryLevel"></option>
        <option value="buildScala" name="compilerLibraryName"></option>
      </configuration>
    </facet>
  </component>
  <component inherit-compiler-output="false" name="NewModuleRootManager">
    <output url="file://$MODULE_DIR$/target/scala_2.7.7/classes"></output><output-test url="file://$MODULE_DIR$/target/scala_2.7.7/test-classes"></output-test>
    <exclude-output></exclude-output>
    <content url="file://$MODULE_DIR$">
      <excludeFolder url="file://$MODULE_DIR$/target"></excludeFolder>
    </content>
    <orderEntry type="inheritedJdk"></orderEntry>
    <orderEntry type="sourceFolder" forTests="false"></orderEntry>
    <orderEntry level="project" type="library" name="buildScala"></orderEntry>
    <orderEntry type="module-library" exported=" " scope="TEST">
      <library>
        <CLASSES>
          <root url="jar://$MODULE_DIR$/lib_managed/scala_2.7.7/test/jetty-continuation-7.2.2.v20101205.jar!/"></root>
        </CLASSES>
        <JAVADOC>
        </JAVADOC>
        <SOURCES>
        </SOURCES>
      </library>
    </orderEntry>
    <orderEntry type="module-library" exported=" " scope="TEST">
      <library>
        <CLASSES>
          <root url="jar://$MODULE_DIR$/lib_managed/scala_2.7.7/test/jetty-http-7.2.2.v20101205.jar!/"></root>
        </CLASSES>
        <JAVADOC>
        </JAVADOC>
        <SOURCES>
        </SOURCES>
      </library>
    </orderEntry>
    <orderEntry type="module-library" exported=" " scope="TEST">
      <library>
        <CLASSES>
          <root url="jar://$MODULE_DIR$/lib_managed/scala_2.7.7/test/jetty-io-7.2.2.v20101205.jar!/"></root>
        </CLASSES>
        <JAVADOC>
        </JAVADOC>
        <SOURCES>
        </SOURCES>
      </library>
    </orderEntry>
    <orderEntry type="module-library" exported=" " scope="TEST">
      <library>
        <CLASSES>
          <root url="jar://$MODULE_DIR$/lib_managed/scala_2.7.7/test/jetty-security-7.2.2.v20101205.jar!/"></root>
        </CLASSES>
        <JAVADOC>
        </JAVADOC>
        <SOURCES>
        </SOURCES>
      </library>
    </orderEntry>
    <orderEntry type="module-library" exported=" " scope="TEST">
      <library>
        <CLASSES>
          <root url="jar://$MODULE_DIR$/lib_managed/scala_2.7.7/test/jetty-server-7.2.2.v20101205.jar!/"></root>
        </CLASSES>
        <JAVADOC>
        </JAVADOC>
        <SOURCES>
        </SOURCES>
      </library>
    </orderEntry>
    <orderEntry type="module-library" exported=" " scope="TEST">
      <library>
        <CLASSES>
          <root url="jar://$MODULE_DIR$/lib_managed/scala_2.7.7/test/jetty-servlet-7.2.2.v20101205.jar!/"></root>
        </CLASSES>
        <JAVADOC>
        </JAVADOC>
        <SOURCES>
        </SOURCES>
      </library>
    </orderEntry>
    <orderEntry type="module-library" exported=" " scope="TEST">
      <library>
        <CLASSES>
          <root url="jar://$MODULE_DIR$/lib_managed/scala_2.7.7/test/jetty-util-7.2.2.v20101205.jar!/"></root>
        </CLASSES>
        <JAVADOC>
        </JAVADOC>
        <SOURCES>
        </SOURCES>
      </library>
    </orderEntry>
    <orderEntry type="module-library" exported=" " scope="TEST">
      <library>
        <CLASSES>
          <root url="jar://$MODULE_DIR$/lib_managed/scala_2.7.7/test/jetty-webapp-7.2.2.v20101205.jar!/"></root>
        </CLASSES>
        <JAVADOC>
        </JAVADOC>
        <SOURCES>
        </SOURCES>
      </library>
    </orderEntry>
    <orderEntry type="module-library" exported=" " scope="TEST">
      <library>
        <CLASSES>
          <root url="jar://$MODULE_DIR$/lib_managed/scala_2.7.7/test/jetty-xml-7.2.2.v20101205.jar!/"></root>
        </CLASSES>
        <JAVADOC>
        </JAVADOC>
        <SOURCES>
        </SOURCES>
      </library>
    </orderEntry>
    <orderEntry type="module-library" exported=" " scope="PROVIDED">
      <library>
        <CLASSES>
          <root url="jar://$MODULE_DIR$/lib_managed/scala_2.7.7/provided/servlet-api-2.5.jar!/"></root>
        </CLASSES>
        <JAVADOC>
        </JAVADOC>
        <SOURCES>
        </SOURCES>
      </library>
    </orderEntry>
    <orderEntry exported=" " type="module-library">
      <library>
        <CLASSES>
          <root url="jar://$MODULE_DIR$/lib_managed/scala_2.7.7/compile/slf4j-api-1.6.0.jar!/"></root>
        </CLASSES>
        <JAVADOC>
        </JAVADOC>
        <SOURCES>
        </SOURCES>
      </library>
    </orderEntry>
    <orderEntry type="module-library" exported=" " scope="TEST">
      <library>
        <CLASSES>
          <root url="jar://$MODULE_DIR$/lib_managed/scala_2.7.7/test/slf4j-simple-1.6.0.jar!/"></root>
        </CLASSES>
        <JAVADOC>
        </JAVADOC>
        <SOURCES>
        </SOURCES>
      </library>
    </orderEntry>
  </component>
</module>
