<module type="JAVA_MODULE" version="4">
  <component name="FacetManager">
    <facet type="scala" name="Scala">
      <configuration>
        <option value="Project" name="compilerLibraryLevel"></option>
        <option value="buildScala" name="compilerLibraryName"></option>
      </configuration>
    </facet>
  </component>
  <component inherit-compiler-output="false" name="NewModuleRootManager">
    <output url="file://$MODULE_DIR$/target/scala_2.7.7/classes"></output><output-test url="file://$MODULE_DIR$/target/scala_2.7.7/test-classes"></output-test>
    <exclude-output></exclude-output>
    <content url="file://$MODULE_DIR$">
      <excludeFolder url="file://$MODULE_DIR$/target"></excludeFolder>
    </content>
    <orderEntry type="inheritedJdk"></orderEntry>
    <orderEntry type="sourceFolder" forTests="false"></orderEntry>
    <orderEntry level="project" type="library" name="buildScala"></orderEntry>
    <orderEntry type="module" module-name="library"></orderEntry>
    <orderEntry exported=" " type="module-library">
      <library>
        <CLASSES>
          <root url="jar://$MODULE_DIR$/lib_managed/scala_2.7.7/compile/slf4j-api-1.6.1.jar!/"></root>
        </CLASSES>
        <JAVADOC>
        </JAVADOC>
        <SOURCES>
        </SOURCES>
      </library>
    </orderEntry>
  </component>
</module>
